C51 COMPILER V9.57.0.0   HCSR                                                              06/27/2022 19:53:31 PAGE 1   


C51 COMPILER V9.57.0.0, COMPILATION OF MODULE HCSR
OBJECT MODULE PLACED IN .\Objects\HCSR.obj
COMPILER INVOKED BY: C:\Keil_v5\C51\BIN\C51.EXE HCSR.c OPTIMIZE(8,SPEED) BROWSE DEBUG OBJECTEXTEND PRINT(.\Listings\HCSR
                    -.lst) TABS(2) OBJECT(.\Objects\HCSR.obj)

line level    source

   1          #include <REGX52.H>
   2          #include <intrins.h>
   3          
   4          sbit Trig= P1^4; //产生脉冲引脚
   5          sbit Echo= P1^5; //回波引脚
   6          float  S=0;
   7          
   8          unsigned int  measure_time;
   9          char M_sensor; 
  10          unsigned flag1;
  11          void  StartModule()              //启动超声波模块
  12            {
  13   1          Trig=1;                     
  14   1          _nop_(); 
  15   1          _nop_(); 
  16   1          _nop_(); 
  17   1          _nop_(); 
  18   1          _nop_(); 
  19   1          _nop_(); 
  20   1          _nop_(); 
  21   1          _nop_(); 
  22   1          _nop_(); 
  23   1          _nop_(); 
  24   1          _nop_(); 
  25   1          _nop_(); 
  26   1          _nop_(); 
  27   1          _nop_(); 
  28   1          _nop_(); 
  29   1          _nop_(); 
  30   1          _nop_();
  31   1          _nop_(); 
  32   1          _nop_(); 
  33   1          _nop_(); 
  34   1          _nop_();
  35   1          Trig=0;
  36   1        }
  37          void Conut(void)
  38            {
  39   1         measure_time=TH2*256+TL2;
  40   1         TH2=0;
  41   1         TL2=0;
  42   1         S=(measure_time*1.87)/100;     //算出来是CM
  43   1         if(flag1==1&&S>30)       //超出测量
  44   1         {
  45   2          flag1=0;
  46   2         M_sensor=1;
  47   2         }
  48   1         else
  49   1           {
  50   2         M_sensor=0;
  51   2           }
  52   1        }


C51 COMPILER V9.57.0.0   HCSR                                                              06/27/2022 19:53:31 PAGE 2   

MODULE INFORMATION:   STATIC OVERLAYABLE
   CODE SIZE        =    125    ----
   CONSTANT SIZE    =   ----    ----
   XDATA SIZE       =   ----    ----
   PDATA SIZE       =   ----    ----
   DATA SIZE        =      9    ----
   IDATA SIZE       =   ----    ----
   BIT SIZE         =   ----    ----
END OF MODULE INFORMATION.


C51 COMPILATION COMPLETE.  0 WARNING(S),  0 ERROR(S)
